
=== T+30s (10:01:27) ===
-- XR conditions:
Synced=True (ReconcileSuccess)
Ready=False (Creating)  Unready resources: cm
Responsive=True (WatchCircuitClosed)
-- compositionRef/compositionRevisionRef:
compositionRef=widget-composition-alpha  compositionRevisionRef=widget-composition-alpha-a39f01a
-- alpha-output ConfigMap:
alpha-output present, rv=924
-- composition existence:
Error from server (NotFound): compositions.apiextensions.crossplane.io "widget-composition-alpha" not found

=== T+60s (10:01:57) ===
-- XR conditions:
Synced=True (ReconcileSuccess)
Ready=False (Creating)  Unready resources: cm
Responsive=True (WatchCircuitClosed)
-- compositionRef/compositionRevisionRef:
compositionRef=widget-composition-alpha  compositionRevisionRef=widget-composition-alpha-a39f01a
-- alpha-output ConfigMap:
alpha-output present, rv=924
-- composition existence:
Error from server (NotFound): compositions.apiextensions.crossplane.io "widget-composition-alpha" not found

=== T+90s (10:02:27) ===
-- XR conditions:
Synced=False (ReconcileError)  cannot fetch Composition: cannot get CompositionRevision: CompositionRevision.apiextensions.crossplane.io "widget-composition-alpha-a39f01a" not found
Ready=False (Creating)  Unready resources: cm
Responsive=True (WatchCircuitClosed)
-- compositionRef/compositionRevisionRef:
compositionRef=widget-composition-alpha  compositionRevisionRef=widget-composition-alpha-a39f01a
-- alpha-output ConfigMap:
alpha-output present, rv=924
-- composition existence:
Error from server (NotFound): compositions.apiextensions.crossplane.io "widget-composition-alpha" not found

=== T+120s (10:02:58) ===
-- XR conditions:
Synced=False (ReconcileError)  cannot fetch Composition: cannot get CompositionRevision: CompositionRevision.apiextensions.crossplane.io "widget-composition-alpha-a39f01a" not found
Ready=False (Creating)  Unready resources: cm
Responsive=True (WatchCircuitClosed)
-- compositionRef/compositionRevisionRef:
compositionRef=widget-composition-alpha  compositionRevisionRef=widget-composition-alpha-a39f01a
-- alpha-output ConfigMap:
alpha-output present, rv=924
-- composition existence:
Error from server (NotFound): compositions.apiextensions.crossplane.io "widget-composition-alpha" not found

=== T+150s (10:03:28) ===
-- XR conditions:
Synced=False (ReconcileError)  cannot fetch Composition: cannot get CompositionRevision: CompositionRevision.apiextensions.crossplane.io "widget-composition-alpha-a39f01a" not found
Ready=False (Creating)  Unready resources: cm
Responsive=True (WatchCircuitClosed)
-- compositionRef/compositionRevisionRef:
compositionRef=widget-composition-alpha  compositionRevisionRef=widget-composition-alpha-a39f01a
-- alpha-output ConfigMap:
alpha-output present, rv=924
-- composition existence:
Error from server (NotFound): compositions.apiextensions.crossplane.io "widget-composition-alpha" not found

=== T+180s (10:03:59) ===
-- XR conditions:
Synced=False (ReconcileError)  cannot fetch Composition: cannot get CompositionRevision: CompositionRevision.apiextensions.crossplane.io "widget-composition-alpha-a39f01a" not found
Ready=False (Creating)  Unready resources: cm
Responsive=True (WatchCircuitClosed)
-- compositionRef/compositionRevisionRef:
compositionRef=widget-composition-alpha  compositionRevisionRef=widget-composition-alpha-a39f01a
-- alpha-output ConfigMap:
alpha-output present, rv=924
-- composition existence:
Error from server (NotFound): compositions.apiextensions.crossplane.io "widget-composition-alpha" not found

=== T+210s (10:04:29) ===
-- XR conditions:
Synced=False (ReconcileError)  cannot fetch Composition: cannot get CompositionRevision: CompositionRevision.apiextensions.crossplane.io "widget-composition-alpha-a39f01a" not found
Ready=False (Creating)  Unready resources: cm
Responsive=True (WatchCircuitClosed)
-- compositionRef/compositionRevisionRef:
compositionRef=widget-composition-alpha  compositionRevisionRef=widget-composition-alpha-a39f01a
-- alpha-output ConfigMap:
alpha-output present, rv=924
-- composition existence:
Error from server (NotFound): compositions.apiextensions.crossplane.io "widget-composition-alpha" not found

=== T+240s (10:05:00) ===
-- XR conditions:
Synced=False (ReconcileError)  cannot fetch Composition: cannot get CompositionRevision: CompositionRevision.apiextensions.crossplane.io "widget-composition-alpha-a39f01a" not found
Ready=False (Creating)  Unready resources: cm
Responsive=True (WatchCircuitClosed)
-- compositionRef/compositionRevisionRef:
compositionRef=widget-composition-alpha  compositionRevisionRef=widget-composition-alpha-a39f01a
-- alpha-output ConfigMap:
alpha-output present, rv=924
-- composition existence:
Error from server (NotFound): compositions.apiextensions.crossplane.io "widget-composition-alpha" not found

=== T+270s (10:05:30) ===
-- XR conditions:
Synced=False (ReconcileError)  cannot fetch Composition: cannot get CompositionRevision: CompositionRevision.apiextensions.crossplane.io "widget-composition-alpha-a39f01a" not found
Ready=False (Creating)  Unready resources: cm
Responsive=True (WatchCircuitClosed)
-- compositionRef/compositionRevisionRef:
compositionRef=widget-composition-alpha  compositionRevisionRef=widget-composition-alpha-a39f01a
-- alpha-output ConfigMap:
alpha-output present, rv=924
-- composition existence:
Error from server (NotFound): compositions.apiextensions.crossplane.io "widget-composition-alpha" not found

=== T+300s (10:06:01) ===
-- XR conditions:
Synced=False (ReconcileError)  cannot fetch Composition: cannot get CompositionRevision: CompositionRevision.apiextensions.crossplane.io "widget-composition-alpha-a39f01a" not found
Ready=False (Creating)  Unready resources: cm
Responsive=True (WatchCircuitClosed)
-- compositionRef/compositionRevisionRef:
compositionRef=widget-composition-alpha  compositionRevisionRef=widget-composition-alpha-a39f01a
-- alpha-output ConfigMap:
alpha-output present, rv=924
-- composition existence:
Error from server (NotFound): compositions.apiextensions.crossplane.io "widget-composition-alpha" not found
